../Core/Src/main.c:114:5:main	32	static,ignoring_inline_asm
../Core/Src/main.c:348:6:SystemClock_Config	96	static
../Core/Src/main.c:411:13:MX_RTC_Init	8	static
../Core/Src/main.c:447:13:MX_USART1_UART_Init	8	static
../Core/Src/main.c:482:13:MX_USART2_UART_Init	8	static
../Core/Src/main.c:515:13:MX_DMA_Init	16	static
../Core/Src/main.c:536:13:MX_GPIO_Init	40	static
../Core/Src/main.c:573:6:Generate_Depth_Variations	40	static
../Core/Src/main.c:619:6:HAL_UART_TxCpltCallback	16	static
../Core/Src/main.c:632:6:HAL_UART_RxCpltCallback	16	static
../Core/Src/main.c:645:6:HAL_UART_ErrorCallback	24	static
../Core/Src/main.c:698:5:__io_putchar	16	static
../Core/Src/main.c:711:5:__io_getchar	16	static
../Core/Src/main.c:725:6:Error_Handler	4	static,ignoring_inline_asm
